node_modules/next/dist/client/link.d.ts(2,32): error TS2307: Cannot find module 'url' or its corresponding type declarations.
